,thing,foo,bar,baz,qux,number,zz
1,bar,10,2,1,4,232,0.08620689655172414
2,baz,11,3,2,1,565,0.0584070796460177
3,qux,12,9,8,7,999,0.10810810810810811
